
> durabl@0.1.0 gate:all
> bash scripts/run-all-gates.sh

DURABL_DATA_DIR=/tmp/durabl-gate-44594

> durabl@0.1.0 typecheck
> tsc -p tsconfig.json --noEmit


> durabl@0.1.0 test
> npm run gate


> durabl@0.1.0 gate
> npm run build && node --enable-source-maps dist/harness/run-gate.js


> durabl@0.1.0 build
> tsc -p tsconfig.json && node scripts/copy-web.mjs

[build] copied web/ → dist/web
Starting restate-server (single self-hostable binary)...
restate-server healthy.
[restate][2026-06-03T05:16:30.598Z] WARN: Accepting requests without validating request signatures; handler access must be restricted
durabl Restate service listening on 9080
[restate][2026-06-03T05:16:30.878Z][AgentRun/crash-before_step1-1780463790468/run][inv_1356ZrcKo1TI3HWpIi5m89PqyuhSQVcjSj] INFO: Starting invocation.
[CRASH] SIGKILL self at point=before:step1 run=crash-before_step1-1780463790468 pid=45435
[2m2026-06-03T05:16:30.882149Z[0m [33mWARN[0m [1;3;33mrestate_invoker_impl[0m[33m[33m
  [1;33mInvocation error, retrying in 619ms 720µs 583ns.[0m[33m
    [1;33merror[0m[33m: error when calling 'http://localhost:9080/': client error (SendRequest) caused by: connection error caused by: connection reset
    [1;33mrestate.invocation.id[0m[33m: [3;33minv_1356ZrcKo1TI3HWpIi5m89PqyuhSQVcjSj[0m[33m
    [1;33mrestate.invocation.target[0m[33m: [3;33mAgentRun/crash-before_step1-1780463790468/run[0m[33m
    restate.deployment.id: dp_16APtsVf5doJtZRaymKVnAl[0m[33m
    restate.error.code: RT0010
    Visit [1;3;33mhttps://docs.restate.dev/references/errors#RT0010[0m[33m for more info and suggestions.[0m
[2;3mon[0m rt:pp-9
[2m2026-06-03T05:16:31.503786Z[0m [33mWARN[0m [1;3;33mrestate_invoker_impl[0m[33m[33m
  [1;33mInvocation error, retrying in 1s 218ms 936µs 896ns.[0m[33m
    [1;33merror[0m[33m: unexpected closed request stream while trying to write a message
    [1;33mrestate.invocation.id[0m[33m: [3;33minv_1356ZrcKo1TI3HWpIi5m89PqyuhSQVcjSj[0m[33m
    [1;33mrestate.invocation.target[0m[33m: [3;33mAgentRun/crash-before_step1-1780463790468/run[0m[33m
    restate.deployment.id: dp_16APtsVf5doJtZRaymKVnAl[0m[33m
    restate.error.code: RT0010
    Visit [1;3;33mhttps://docs.restate.dev/references/errors#RT0010[0m[33m for more info and suggestions.[0m
[2;3mon[0m rt:pp-9
