
> durabl@0.1.0 gate:all
> bash scripts/run-all-gates.sh

DURABL_DATA_DIR=/tmp/durabl-gate-65992

> durabl@0.1.0 typecheck
> tsc -p tsconfig.json --noEmit


> durabl@0.1.0 test
> npm run gate


> durabl@0.1.0 gate
> npm run build && node --enable-source-maps dist/harness/run-gate.js


> durabl@0.1.0 build
> tsc -p tsconfig.json && node scripts/copy-web.mjs

[build] copied web/ → dist/web
Starting restate-server (single self-hostable binary)...
restate-server healthy.
[restate][2026-06-03T05:23:17.871Z] WARN: Accepting requests without validating request signatures; handler access must be restricted
durabl Restate service listening on 9080
[restate][2026-06-03T05:23:18.220Z][AgentRun/crash-before_step1-1780464197738/run][inv_17RxF9C9NCV70hjIzivYk87l076nWOEXG5] INFO: Starting invocation.
[CRASH] SIGKILL self at point=before:step1 run=crash-before_step1-1780464197738 pid=67128
[2m2026-06-03T05:23:18.226115Z[0m [33mWARN[0m [1;3;33mrestate_invoker_impl[0m[33m[33m
  [1;33mInvocation error, retrying in 586ms 15µs 715ns.[0m[33m
    [1;33merror[0m[33m: error when calling 'http://localhost:9080/': client error (SendRequest) caused by: connection error caused by: connection reset
    [1;33mrestate.invocation.id[0m[33m: [3;33minv_17RxF9C9NCV70hjIzivYk87l076nWOEXG5[0m[33m
    [1;33mrestate.invocation.target[0m[33m: [3;33mAgentRun/crash-before_step1-1780464197738/run[0m[33m
    restate.deployment.id: dp_118F1hzaH9jdWoLu9QijE0p[0m[33m
    restate.error.code: RT0010
    Visit [1;3;33mhttps://docs.restate.dev/references/errors#RT0010[0m[33m for more info and suggestions.[0m
[2;3mon[0m rt:pp-11
[2m2026-06-03T05:23:18.364154Z[0m [33mWARN[0m [1;3;33mrestate_types::schema::metadata::updater[0m[33m[33m
  [1;33mGoing to remove service AgentRun due to a forced deployment update[0m[33m
    restate.deployment.id: dp_118F1hzaH9jdWoLu9QijE0p
    restate.deployment.address: http://localhost:9080/[0m[33m[0m
[2;3mon[0m rs:worker-9
  [2;3min[0m [1;3mrestate_core::network::net_util::SocketHandler[0m
    peer_addr: Socket(127.0.0.1:62493)
  [2;3min[0m [1;3mrestate_core::network::net_util::server[0m
    server_name: admin-api-server 
    uds.path: "/tmp/durabl-gate-65992/restate-data/smallgarage.local/admin.sock" 
    server.address: "0.0.0.0" 
    server.port: 9070
[2m2026-06-03T05:23:18.364166Z[0m [33mWARN[0m [1;3;33mrestate_types::schema::metadata::updater[0m[33m[33m
  [1;33mGoing to remove service HitlAgentRun due to a forced deployment update[0m[33m
    restate.deployment.id: dp_118F1hzaH9jdWoLu9QijE0p
    restate.deployment.address: http://localhost:9080/[0m[33m[0m
[2;3mon[0m rs:worker-9
  [2;3min[0m [1;3mrestate_core::network::net_util::SocketHandler[0m
    peer_addr: Socket(127.0.0.1:62493)
  [2;3min[0m [1;3mrestate_core::network::net_util::server[0m
    server_name: admin-api-server 
    uds.path: "/tmp/durabl-gate-65992/restate-data/smallgarage.local/admin.sock" 
    server.address: "0.0.0.0" 
    server.port: 9070
scripts/run-all-gates.sh: line 48: 66347 Killed: 9                  npm test
